bash-3.2$ echo $SP
out ls
bash-3.2$ echo "$SP"
out ls
bash-3.2$ echo '$SP'
$SP
bash-3.2$ echo $SPl

bash-3.2$ echo "$SP"l
out lsl
bash-3.2$ echo '$SP'l
$SPl

リダイレクトかつシェル変数が単体の場合
結果　
通常とダブルクウォートの場合は展開される
シングルクウォートの場合は変数展開しない
bash-3.2$ SP=A
bash-3.2$ >$SP
bash-3.2$ ls
A               expansion.txt
bash-3.2$ >"$SP"
bash-3.2$ ls
A               expansion.txt
bash-3.2$ >'$SP'
bash-3.2$ ls
$SP             A               expansion.txt

リダイレクトかつシェル変数が複数単語の場合
結果　
通常の場合はリダイレクトエラー
ダブルクウォートの場合は一つの単語として認識される。
シングルクウォートの場合は変数展開しない
bash-3.2$ SP="out ls"
bash-3.2$ >$SP
bash: $SP: ambiguous redirect
bash-3.2$ >"$SP"
bash-3.2$ ls
$SP             A               expansion.txt   out ls
bash-3.2$ >'$SP'
bash-3.2$ ls
$SP             A               expansion.txt   out ls

ファイルの名前outがありかつシェル変数がファイルとコマンドが入っている場合
結果
通常の場合、リダイレクト
bash-3.2$ <out ls
A               expansion.txt   out
bash-3.2$ SP="out ls"
bash-3.2$ <$SP
bash: $SP: ambiguous redirect
bash-3.2$ <"$SP"
bash: out ls: No such file or directory
bash-3.2$ <'$SP'
bash: $SP: No such file or directory

環境変数の場合も同様
bash-3.2$ export SP="out ls"
bash-3.2$ >$SP
bash: $SP: ambiguous redirect
bash-3.2$ <$SP
bash: $SP: ambiguous redirect
bash-3.2$ ls
A               expansion.txt   out
bash-3.2$ <"$SP"
bash: out ls: No such file or directory
bash-3.2$ <'$SP'
bash: $SP: No such file or directory
